
Allocating common symbols
Common symbol       size              file

stack               0x80              main.o

Memory Configuration

Name             Origin             Length             Attributes
FLASH            0x0000000008000000 0x0000000000200000 xr
SRAM             0x0000000020000000 0x0000000000080000 xrw
*default*        0x0000000000000000 0xffffffffffffffff

Linker script and memory map

LOAD main.o
LOAD _main.o
LOAD startup_stm32f767xx.o

.text           0x0000000008000000      0x380
 *(.isr_vector)
 .isr_vector    0x0000000008000000      0x1f4 startup_stm32f767xx.o
                0x0000000008000000                vectors
 *(.text)
 .text          0x00000000080001f4       0xf8 main.o
                0x000000000800028c                SysTick_Handler
                0x000000000800029a                setUp
                0x00000000080002d0                main
 .text          0x00000000080002ec        0x6 _main.o
                0x00000000080002ec                _main
 *fill*         0x00000000080002f2        0x2 
 .text          0x00000000080002f4       0x8c startup_stm32f767xx.o
                0x00000000080002f4                RTC_WKUP_Handler
                0x00000000080002f4                DMA1Stream4_Handler
                0x00000000080002f4                FLASH_Handler
                0x00000000080002f4                SVCall_Handler
                0x00000000080002f4                DMA1Stream1_Handler
                0x00000000080002f4                DMA2_Stream7_Handler
                0x00000000080002f4                DFSDM1_FLT3_Handler
                0x00000000080002f4                OTG_HS_Handler
                0x00000000080002f4                HardFault_Handler
                0x00000000080002f4                DMA2_Stream3_Handler
                0x00000000080002f4                USART3_Handler
                0x00000000080002f4                PendSV_Handler
                0x00000000080002f4                NMI_Handler
                0x00000000080002f4                TIM6_DAC_Handler
                0x00000000080002f4                CAN1_RX1_Handler
                0x00000000080002f4                EXTI15_10_Handler
                0x00000000080002f4                ADC_Handler
                0x00000000080002f4                HASH_RNG_Handler
                0x00000000080002f4                I2C1_EV_Handler
                0x00000000080002f4                DMA1Strean6_Handler
                0x00000000080002f4                TAMP_STAMP_Handler
                0x00000000080002f4                I2C3_ER_Handler
                0x00000000080002f4                WWDG_Handler
                0x00000000080002f4                EXTI4_Handler
                0x00000000080002f4                I2C3_EV_Handler
                0x00000000080002f4                SPI5_Stream1_Handler
                0x00000000080002f4                DMA2_Stream4_Handler
                0x00000000080002f4                DMA1_Stream7_Handler
                0x00000000080002f4                DFSDM1_FLT0_Handler
                0x00000000080002f4                OTG_FS_Handler
                0x00000000080002f4                ETH_WKUP_Handler
                0x00000000080002f4                TIM1_BRK_TIM9_Handler
                0x00000000080002f4                I2C1_ER_Handler
                0x00000000080002f4                I2C4_EV_Handler
                0x00000000080002f4                CAN3_SCE_Handler
                0x00000000080002f4                I2C4_ER_Handler
                0x00000000080002f4                DMA1Stream3_Handler
                0x00000000080002f4                UsageFault_Handler
                0x00000000080002f4                TIM1_UP_TIM10_Handler
                0x00000000080002f4                CAN1_RX0_Handler
                0x00000000080002f4                TIM1_CC_Handler
                0x00000000080002f4                I2C2_ER_Handler
                0x00000000080002f4                USART6_Handler
                0x00000000080002f4                TIM8_CC_Handler
                0x00000000080002f4                HDMI_CEC_Handler
                0x00000000080002f4                SAI2_Handler
                0x00000000080002f4                CAN1_SCE_Handler
                0x00000000080002f4                OTG_HS_EP1_OUT_Handler
                0x00000000080002f4                EXTI1_Handler
                0x00000000080002f4                DMA1Strean2_Handler
                0x00000000080002f4                FMC_Handler
                0x00000000080002f4                EXTI3_Handler
                0x00000000080002f4                CRYP_Handler
                0x00000000080002f4                EXTI2_Handler
                0x00000000080002f4                UART4_Handler
                0x00000000080002f4                CAN2_RX1_Handler
                0x00000000080002f4                EXTI9_5_Handler
                0x00000000080002f4                SPDIFRX_Handler
                0x00000000080002f4                TIM2_Handler
                0x00000000080002f4                USART1_Handler
                0x00000000080002f4                CAN2_SCE_Handler
                0x00000000080002f4                SAI1_Stream3_Handler
                0x00000000080002f4                TIM3_Handler
                0x00000000080002f4                DSIHOST_Handler
                0x00000000080002f4                DMA2_Stream6_Handler
                0x00000000080002f4                Default_Handler
                0x00000000080002f4                LP_Timer1_Handler
                0x00000000080002f4                DCMI_Handler
                0x00000000080002f4                TIM1_TRG_COM_TIM11_Handler
                0x00000000080002f4                DMA1Strean5_Handler
                0x00000000080002f4                RTC_Alarm_Handler
                0x00000000080002f4                TIM4_Handler
                0x00000000080002f4                SPI6_Stream2_Handler
                0x00000000080002f4                TIM8_UP_TIM13_Handler
                0x00000000080002f4                CAN2_TX_Handler
                0x00000000080002f4                SPI2_Handler
                0x00000000080002f4                SDMMC1_Handler
                0x00000000080002f4                DMA2_Stream1_Handler
                0x00000000080002f4                DMA1Stream0_Handler
                0x00000000080002f4                MemManage_Handler
                0x00000000080002f4                EXTI0_Handler
                0x00000000080002f4                TIM8_BRK_TIM12_Handler
                0x00000000080002f4                CAN2_RX0_Handler
                0x00000000080002f4                DMA2D_Handler
                0x00000000080002f4                CAN3_RX1_Handler
                0x00000000080002f4                DMA2_Stream5_Handler
                0x00000000080002f4                USART2_Handler
                0x00000000080002f4                ETH_Handler
                0x00000000080002f4                SPI1_Handler
                0x00000000080002f4                MDIOS_Handler
                0x00000000080002f4                I2C2_EV_Handler
                0x00000000080002f4                UART7_DAC_Handler
                0x00000000080002f4                DMA2_Stream2_Handler
                0x00000000080002f4                SPI3_Handler
                0x00000000080002f4                UART8_Handler
                0x00000000080002f4                CAN3_RX0_Handler
                0x00000000080002f4                DMA2_Stream0_Handler
                0x00000000080002f4                RCC_Handler
                0x00000000080002f4                PVD_Handler
                0x00000000080002f4                SDMMC2_Handler
                0x00000000080002f4                UART5_Handler
                0x00000000080002f4                DFSDM1_FLT1_Handler
                0x00000000080002f4                TIM5_Handler
                0x00000000080002f4                QuadSPI_Handler
                0x00000000080002f4                TIM7_Handler
                0x00000000080002f4                TIM8_TRG_COM_TIM14_Handler
                0x00000000080002f4                LCD_TFT_Stream4_Handler
                0x00000000080002f4                LCD_TFT_Error_Handler
                0x00000000080002f4                CAN1_TX_Handler
                0x00000000080002f4                FPU_Handler
                0x00000000080002f4                SPI4_Stream0_Handler
                0x00000000080002f4                DFSDM1_FLT2_Handler
                0x00000000080002f4                BusFault_Handler
                0x00000000080002f4                DebugMonitor_Handler
                0x00000000080002f4                CAN3_TX_Handler
                0x00000000080002f4                OTG_HS_WKUP_Handler
                0x00000000080002f4                OTG_FS_WKUP_Handler
                0x00000000080002f4                OTG_HS_EP1_IN_Handler
                0x00000000080002fa                Reset_Handler
 *(.rodata)
                0x0000000008000380                . = ALIGN (0x4)
                0x0000000008000380                _etext = .

.glue_7         0x0000000008000380        0x0
 .glue_7        0x0000000008000380        0x0 linker stubs

.glue_7t        0x0000000008000380        0x0
 .glue_7t       0x0000000008000380        0x0 linker stubs

.vfp11_veneer   0x0000000008000380        0x0
 .vfp11_veneer  0x0000000008000380        0x0 linker stubs

.v4_bx          0x0000000008000380        0x0
 .v4_bx         0x0000000008000380        0x0 linker stubs

.iplt           0x0000000008000380        0x0
 .iplt          0x0000000008000380        0x0 main.o

.rel.dyn        0x0000000008000380        0x0
 .rel.iplt      0x0000000008000380        0x0 main.o

.data           0x0000000020000000        0x0 load address 0x0000000008000380
                0x0000000020000000                _sdata = .
 *(.data)
 .data          0x0000000020000000        0x0 main.o
 .data          0x0000000020000000        0x0 _main.o
 .data          0x0000000020000000        0x0 startup_stm32f767xx.o
                0x0000000020000000                . = ALIGN (0x4)
                0x0000000020000000                _edata = .

.igot.plt       0x0000000020000000        0x0 load address 0x0000000008000380
 .igot.plt      0x0000000020000000        0x0 main.o

.bss            0x0000000020000000       0x80 load address 0x0000000008000380
                0x0000000020000000                _sbss = .
 *(.bss)
 .bss           0x0000000020000000        0x0 main.o
 .bss           0x0000000020000000        0x0 _main.o
 .bss           0x0000000020000000        0x0 startup_stm32f767xx.o
                0x0000000020000000                . = ALIGN (0x4)
                0x0000000020000000                _ebss = .
 COMMON         0x0000000020000000       0x80 main.o
                0x0000000020000000                stack
OUTPUT(final.elf elf32-littlearm)
LOAD linker stubs

.comment        0x0000000000000000       0x59
 .comment       0x0000000000000000       0x59 main.o
                                         0x5a (size before relaxing)
 .comment       0x0000000000000059       0x5a startup_stm32f767xx.o

.ARM.attributes
                0x0000000000000000       0x2c
 .ARM.attributes
                0x0000000000000000       0x2e main.o
 .ARM.attributes
                0x000000000000002e       0x1c _main.o
 .ARM.attributes
                0x000000000000004a       0x2e startup_stm32f767xx.o
